
--- 2026-10-04 17:10:32
Traceback (most recent call last):
  File "c:\Users\manic\Documents\projeto-tn\ui\image_marker.py", line 1835, in <lambda>
    QTimer.singleShot(4000, lambda: self.status_label.setStyleSheet(f"""
                                    ~~~~~~~~~~~~~~~~~~~~~~~~~~~~~~~^^^^^
        color: {Theme.TEXT_MUTED}; font-size: 10px;
        ^^^^^^^^^^^^^^^^^^^^^^^^^^^^^^^^^^^^^^^^^^^
        background: transparent;
        ^^^^^^^^^^^^^^^^^^^^^^^^
    """))
    ^^^^
RuntimeError: wrapped C/C++ object of type QLabel has been deleted

--- 2026-10-05 19:38:51
Traceback (most recent call last):
  File "c:\Users\leona\OneDrive\Documentos\PROJETO TN ELETROSISTEM 2\main.py", line 500, in <module>
    login = LoginDialog(session)
  File "c:\Users\leona\OneDrive\Documentos\PROJETO TN ELETROSISTEM 2\ui\login.py", line 28, in __init__
    self.setup_ui()
    ~~~~~~~~~~~~~^^
  File "c:\Users\leona\OneDrive\Documentos\PROJETO TN ELETROSISTEM 2\ui\login.py", line 58, in setup_ui
    self.setLayout(layout)
    ~~~~~~~~~~~~~~^^^^^^^^
KeyboardInterrupt

--- 2026-10-05 19:44:03
Traceback (most recent call last):
  File "c:\Users\leona\OneDrive\Documentos\PROJETO TN ELETROSISTEM 2\ui\image_marker.py", line 1835, in <lambda>
    QTimer.singleShot(4000, lambda: self.status_label.setStyleSheet(f"""
                                    ~~~~~~~~~~~~~~~~~~~~~~~~~~~~~~~^^^^^
        color: {Theme.TEXT_MUTED}; font-size: 10px;
        ^^^^^^^^^^^^^^^^^^^^^^^^^^^^^^^^^^^^^^^^^^^
        background: transparent;
        ^^^^^^^^^^^^^^^^^^^^^^^^
    """))
    ^^^^
RuntimeError: wrapped C/C++ object of type QLabel has been deleted

--- 2026-10-05 19:44:17
Traceback (most recent call last):
  File "c:\Users\leona\OneDrive\Documentos\PROJETO TN ELETROSISTEM 2\ui\image_marker.py", line 1835, in <lambda>
    QTimer.singleShot(4000, lambda: self.status_label.setStyleSheet(f"""
                                    ~~~~~~~~~~~~~~~~~~~~~~~~~~~~~~~^^^^^
        color: {Theme.TEXT_MUTED}; font-size: 10px;
        ^^^^^^^^^^^^^^^^^^^^^^^^^^^^^^^^^^^^^^^^^^^
        background: transparent;
        ^^^^^^^^^^^^^^^^^^^^^^^^
    """))
    ^^^^
RuntimeError: wrapped C/C++ object of type QLabel has been deleted

--- 2026-10-05 20:12:15
Traceback (most recent call last):
  File "c:\Users\leona\OneDrive\Documentos\PROJETO TN ELETROSISTEM 2\ui\plan_manager.py", line 698, in view_plan_details
    dialog = PlanDetailsDialog(self.current_plan, self.session)
  File "c:\Users\leona\OneDrive\Documentos\PROJETO TN ELETROSISTEM 2\ui\plan_manager.py", line 28, in __init__
    self.setup_ui()
    ~~~~~~~~~~~~~^^
  File "c:\Users\leona\OneDrive\Documentos\PROJETO TN ELETROSISTEM 2\ui\plan_manager.py", line 39, in setup_ui
    layout.addWidget(self.create_header())
                     ~~~~~~~~~~~~~~~~~~^^
  File "c:\Users\leona\OneDrive\Documentos\PROJETO TN ELETROSISTEM 2\ui\plan_manager.py", line 66, in create_header
    board_name = self.plan.board.name if self.plan.board else "—"
                                         ^^^^^^^^^^^^^^^
AttributeError: 'TestPlan' object has no attribute 'board'

--- 2026-10-07 19:21:19
Traceback (most recent call last):
  File "C:\Users\leona\OneDrive\Documentos\PROJETO TN ELETROSISTEM 2\ui\plan_manager.py", line 698, in view_plan_details
    dialog = PlanDetailsDialog(self.current_plan, self.session)
  File "C:\Users\leona\OneDrive\Documentos\PROJETO TN ELETROSISTEM 2\ui\plan_manager.py", line 28, in __init__
    self.setup_ui()
    ~~~~~~~~~~~~~^^
  File "C:\Users\leona\OneDrive\Documentos\PROJETO TN ELETROSISTEM 2\ui\plan_manager.py", line 39, in setup_ui
    layout.addWidget(self.create_header())
                     ~~~~~~~~~~~~~~~~~~^^
  File "C:\Users\leona\OneDrive\Documentos\PROJETO TN ELETROSISTEM 2\ui\plan_manager.py", line 66, in create_header
    board_name = self.plan.board.name if self.plan.board else "—"
                                         ^^^^^^^^^^^^^^^
AttributeError: 'TestPlan' object has no attribute 'board'

--- 2026-10-07 19:21:22
Traceback (most recent call last):
  File "C:\Users\leona\OneDrive\Documentos\PROJETO TN ELETROSISTEM 2\ui\plan_manager.py", line 698, in view_plan_details
    dialog = PlanDetailsDialog(self.current_plan, self.session)
  File "C:\Users\leona\OneDrive\Documentos\PROJETO TN ELETROSISTEM 2\ui\plan_manager.py", line 28, in __init__
    self.setup_ui()
    ~~~~~~~~~~~~~^^
  File "C:\Users\leona\OneDrive\Documentos\PROJETO TN ELETROSISTEM 2\ui\plan_manager.py", line 39, in setup_ui
    layout.addWidget(self.create_header())
                     ~~~~~~~~~~~~~~~~~~^^
  File "C:\Users\leona\OneDrive\Documentos\PROJETO TN ELETROSISTEM 2\ui\plan_manager.py", line 66, in create_header
    board_name = self.plan.board.name if self.plan.board else "—"
                                         ^^^^^^^^^^^^^^^
AttributeError: 'TestPlan' object has no attribute 'board'

--- 2026-10-07 21:01:07
Traceback (most recent call last):
  File "c:\Users\leona\OneDrive\Documentos\PROJETO TN ELETROSISTEM 2\ui\oscilloscope_panel.py", line 621, in _drain_reader_queue
    def _drain_reader_queue(self) -> None:
    
KeyboardInterrupt

--- 2026-10-07 21:32:12
Traceback (most recent call last):
  File "c:\Users\leona\OneDrive\Documentos\PROJETO TN ELETROSISTEM 2\ui\guided_scope_client.py", line 87, in _drain
    def _drain(self) -> None:
    
KeyboardInterrupt
